// Jest Snapshot v1, https://goo.gl/fbAQLP

exports[`does not change unexpectedly 1`] = `
<footer
  id="footer"
>
  <div
    className="footer-wrap"
  >
    <h3
      className="footer-logo"
    >
      <img
        alt="logo"
        height="50px"
        src="logo1.png"
        width="50px"
      />
      <a
        href="/"
        onClick={[Function]}
      >
        Bible.nav
      </a>
    </h3>
    <p
      className="address"
    >
      Plot 3, Speke Road street, Kampala Rd 3
      <br />
      Kampala, Uganda.
    </p>
    <ul
      className="social-links"
    >
      <li>
        <a
          href="https://www.linkedin.com/in/vanheaven/"
        >
          <i
            className="fab fa-linkedin"
          />
        </a>
      </li>
      <li>
        <a
          href="https://twitter.com/MworekwaE"
        >
          <i
            className="fab fa-twitter-square"
          />
        </a>
      </li>
      <li>
        <a
          href="https://github.com/vanheaven-ui"
        >
          <i
            className="fab fa-github-square"
          />
        </a>
      </li>
    </ul>
    <p
      className="copyright"
    >
      Bible.nav 2021. All rights reserved
    </p>
  </div>
</footer>
`;
